This is pdfTeX, Version 3.141592653-2.6-1.40.28 (MiKTeX 25.12) (preloaded format=pdflatex 2026.3.30)  14 AUG 2026 17:44
entering extended mode
 restricted \write18 enabled.
 %&-line parsing enabled.
**./main.tex
(main.tex
LaTeX2e <2025-11-01>
L3 programming layer <2025-12-24>
(C:\Program Files\MiKTeX\tex/latex/base\article.cls
Document Class: article 2025/01/22 v1.4n Standard LaTeX document class
(C:\Program Files\MiKTeX\tex/latex/base\size12.clo
File: size12.clo 2025/01/22 v1.4n Standard LaTeX file (size option)
)
\c@part=\count275
\c@section=\count276
\c@subsection=\count277
\c@subsubsection=\count278
\c@paragraph=\count279
\c@subparagraph=\count280
\c@figure=\count281
\c@table=\count282
\abovecaptionskip=\skip49
\belowcaptionskip=\skip50
\bibindent=\dimen148
)
(C:\Program Files\MiKTeX\tex/latex/base\inputenc.sty
Package: inputenc 2024/02/08 v1.3d Input encoding file
\inpenc@prehook=\toks17
\inpenc@posthook=\toks18
)
(C:\Program Files\MiKTeX\tex/latex/base\fontenc.sty
Package: fontenc 2025/07/18 v2.1d Standard LaTeX package
)
(C:\Program Files\MiKTeX\tex/generic/babel\babel.sty
Package: babel 2025/12/11 v25.17 The multilingual framework for LuaLaTeX, pdfLa
TeX and XeLaTeX
\babel@savecnt=\count283
LaTeX Encoding Info:    Redeclaring text command \ij (encoding OT1) on input li
ne 2068.
LaTeX Encoding Info:    Redeclaring text command \IJ (encoding OT1) on input li
ne 2070.
LaTeX Encoding Info:    Redeclaring text command \ij (encoding T1) on input lin
e 2072.
LaTeX Encoding Info:    Redeclaring text command \IJ (encoding T1) on input lin
e 2073.
LaTeX Encoding Info:    Ignoring declaration for text command \ij (encoding ?) 
on input line 2074.
LaTeX Encoding Info:    Ignoring declaration for text command \IJ (encoding ?) 
on input line 2076.
LaTeX Encoding Info:    Ignoring declaration for text command \SS (encoding ?) 
on input line 2101.
\U@D=\dimen149
\l@unhyphenated=\language79

(C:\Program Files\MiKTeX\tex/generic/babel\txtbabel.def)
\bbl@readstream=\read2
\bbl@dirlevel=\count284
Package babel Info: Configuration files are deprecated, as
(babel)             they can break document portability.
(babel)             Reported on input line 4196.

*************************************
* Local config file bblopts.cfg used
*
(C:\Program Files\MiKTeX\tex/latex/arabi\bblopts.cfg
File: bblopts.cfg 2005/09/08 v0.1 add Arabic and Farsi to "declared" options of
 babel
)
(C:\Program Files\MiKTeX\tex/generic/babel/locale/en\babel-english.tex)
Package babel Info: Importing font and identification data for english
(babel)             from babel-en.ini. Reported on input line 4320.

(C:\Program Files\MiKTeX\tex/latex/babel-english\english.ldf
Language: english 2017/06/06 v3.3r English support from the babel system
Package babel Info: Hyphen rules for 'canadian' set to \l@english
(babel)             (\language0). Reported on input line 102.
Package babel Info: Hyphen rules for 'australian' set to \l@ukenglish
(babel)             (\language73). Reported on input line 105.
Package babel Info: Hyphen rules for 'newzealand' set to \l@ukenglish
(babel)             (\language73). Reported on input line 108.
))
(C:\Program Files\MiKTeX\tex/latex/amsmath\amsmath.sty
Package: amsmath 2025/07/09 v2.17z AMS math features
\@mathmargin=\skip51

For additional information on amsmath, use the `?' option.
(C:\Program Files\MiKTeX\tex/latex/amsmath\amstext.sty
Package: amstext 2024/11/17 v2.01 AMS text

(C:\Program Files\MiKTeX\tex/latex/amsmath\amsgen.sty
File: amsgen.sty 1999/11/30 v2.0 generic functions
\@emptytoks=\toks19
\ex@=\dimen150
))
(C:\Program Files\MiKTeX\tex/latex/amsmath\amsbsy.sty
Package: amsbsy 1999/11/29 v1.2d Bold Symbols
\pmbraise@=\dimen151
)
(C:\Program Files\MiKTeX\tex/latex/amsmath\amsopn.sty
Package: amsopn 2022/04/08 v2.04 operator names
)
\inf@bad=\count285
LaTeX Info: Redefining \frac on input line 233.
\uproot@=\count286
\leftroot@=\count287
LaTeX Info: Redefining \overline on input line 398.
LaTeX Info: Redefining \colon on input line 409.
\classnum@=\count288
\DOTSCASE@=\count289
LaTeX Info: Redefining \ldots on input line 495.
LaTeX Info: Redefining \dots on input line 498.
LaTeX Info: Redefining \cdots on input line 619.
\Mathstrutbox@=\box53
\strutbox@=\box54
LaTeX Info: Redefining \big on input line 721.
LaTeX Info: Redefining \Big on input line 722.
LaTeX Info: Redefining \bigg on input line 723.
LaTeX Info: Redefining \Bigg on input line 724.
\big@size=\dimen152
LaTeX Font Info:    Redeclaring font encoding OML on input line 742.
LaTeX Font Info:    Redeclaring font encoding OMS on input line 743.
\macc@depth=\count290
LaTeX Info: Redefining \bmod on input line 904.
LaTeX Info: Redefining \pmod on input line 909.
LaTeX Info: Redefining \smash on input line 939.
LaTeX Info: Redefining \relbar on input line 969.
LaTeX Info: Redefining \Relbar on input line 970.
\c@MaxMatrixCols=\count291
\dotsspace@=\muskip17
\c@parentequation=\count292
\dspbrk@lvl=\count293
\tag@help=\toks20
\row@=\count294
\column@=\count295
\maxfields@=\count296
\andhelp@=\toks21
\eqnshift@=\dimen153
\alignsep@=\dimen154
\tagshift@=\dimen155
\tagwidth@=\dimen156
\totwidth@=\dimen157
\lineht@=\dimen158
\@envbody=\toks22
\multlinegap=\skip52
\multlinetaggap=\skip53
\mathdisplay@stack=\toks23
LaTeX Info: Redefining \[ on input line 2950.
LaTeX Info: Redefining \] on input line 2951.
)
(C:\Program Files\MiKTeX\tex/latex/amsfonts\amssymb.sty
Package: amssymb 2013/01/14 v3.01 AMS font symbols

(C:\Program Files\MiKTeX\tex/latex/amsfonts\amsfonts.sty
Package: amsfonts 2013/01/14 v3.01 Basic AMSFonts support
\symAMSa=\mathgroup4
\symAMSb=\mathgroup5
LaTeX Font Info:    Redeclaring math symbol \hbar on input line 98.
LaTeX Font Info:    Overwriting math alphabet `\mathfrak' in version `bold'
(Font)                  U/euf/m/n --> U/euf/b/n on input line 106.
))
(C:\Program Files\MiKTeX\tex/latex/graphics\graphicx.sty
Package: graphicx 2024/12/31 v1.2e Enhanced LaTeX Graphics (DPC,SPQR)

(C:\Program Files\MiKTeX\tex/latex/graphics\keyval.sty
Package: keyval 2022/05/29 v1.15 key=value parser (DPC)
\KV@toks@=\toks24
)
(C:\Program Files\MiKTeX\tex/latex/graphics\graphics.sty
Package: graphics 2024/08/06 v1.4g Standard LaTeX Graphics (DPC,SPQR)

(C:\Program Files\MiKTeX\tex/latex/graphics\trig.sty
Package: trig 2023/12/02 v1.11 sin cos tan (DPC)
)
(C:\Program Files\MiKTeX\tex/latex/graphics-cfg\graphics.cfg
File: graphics.cfg 2016/06/04 v1.11 sample graphics configuration
)
Package graphics Info: Driver file: pdftex.def on input line 106.

(C:\Program Files\MiKTeX\tex/latex/graphics-def\pdftex.def
File: pdftex.def 2025/09/29 v1.2d Graphics/color driver for pdftex
))
\Gin@req@height=\dimen159
\Gin@req@width=\dimen160
)
(C:\Program Files\MiKTeX\tex/latex/booktabs\booktabs.sty
Package: booktabs 2020/01/12 v1.61803398 Publication quality tables
\heavyrulewidth=\dimen161
\lightrulewidth=\dimen162
\cmidrulewidth=\dimen163
\belowrulesep=\dimen164
\belowbottomsep=\dimen165
\aboverulesep=\dimen166
\abovetopsep=\dimen167
\cmidrulesep=\dimen168
\cmidrulekern=\dimen169
\defaultaddspace=\dimen170
\@cmidla=\count297
\@cmidlb=\count298
\@aboverulesep=\dimen171
\@belowrulesep=\dimen172
\@thisruleclass=\count299
\@lastruleclass=\count300
\@thisrulewidth=\dimen173
)
(C:\Program Files\MiKTeX\tex/latex/tools\tabularx.sty
Package: tabularx 2023/12/11 v2.12a `tabularx' package (DPC)

(C:\Program Files\MiKTeX\tex/latex/tools\array.sty
Package: array 2025/09/25 v2.6n Tabular extension package (FMi)
\col@sep=\dimen174
\ar@mcellbox=\box55
\extrarowheight=\dimen175
\NC@list=\toks25
\extratabsurround=\skip54
\backup@length=\skip55
\ar@cellbox=\box56
)
\TX@col@width=\dimen176
\TX@old@table=\dimen177
\TX@old@col=\dimen178
\TX@target=\dimen179
\TX@delta=\dimen180
\TX@cols=\count301
\TX@ftn=\toks26
)
(C:\Program Files\MiKTeX\tex/latex/multirow\multirow.sty
Package: multirow 2024/11/12 v2.9 Span multiple rows of a table
\multirow@colwidth=\skip56
\multirow@cntb=\count302
\multirow@dima=\skip57
\bigstrutjot=\dimen181
)
(C:\Program Files\MiKTeX\tex/latex/tools\multicol.sty
Package: multicol 2025/10/21 v2.0b multicolumn formatting (FMi)
\c@tracingmulticols=\count303
\mult@box=\box57
\multicol@leftmargin=\dimen182
\c@unbalance=\count304
\c@collectmore=\count305
\doublecol@number=\count306
\multicoltolerance=\count307
\multicolpretolerance=\count308
\full@width=\dimen183
\page@free=\dimen184
\premulticols=\dimen185
\postmulticols=\dimen186
\multicolsep=\skip58
\multicolbaselineskip=\skip59
\partial@page=\box58
\last@line=\box59
\mc@boxedresult=\box60
\maxbalancingoverflow=\dimen187
\mult@rightbox=\box61
\mult@grightbox=\box62
\mult@firstbox=\box63
\mult@gfirstbox=\box64
\@tempa=\box65
\@tempa=\box66
\@tempa=\box67
\@tempa=\box68
\@tempa=\box69
\@tempa=\box70
\@tempa=\box71
\@tempa=\box72
\@tempa=\box73
\@tempa=\box74
\@tempa=\box75
\@tempa=\box76
\@tempa=\box77
\@tempa=\box78
\@tempa=\box79
\@tempa=\box80
\@tempa=\box81
\@tempa=\box82
\@tempa=\box83
\@tempa=\box84
\@tempa=\box85
\@tempa=\box86
\@tempa=\box87
\@tempa=\box88
\@tempa=\box89
\@tempa=\box90
\@tempa=\box91
\@tempa=\box92
\@tempa=\box93
\@tempa=\box94
\@tempa=\box95
\@tempa=\box96
\@tempa=\box97
\@tempa=\box98
\@tempa=\box99
\@tempa=\box100
\c@minrows=\count309
\c@columnbadness=\count310
\c@finalcolumnbadness=\count311
\last@try=\dimen188
\multicolovershoot=\dimen189
\multicolundershoot=\dimen190
\mult@nat@firstbox=\box101
\colbreak@box=\box102
\mc@col@check@num=\count312
\g__mc_curr_col_int=\count313
)
(C:\Program Files\MiKTeX\tex/latex/caption\caption.sty
Package: caption 2023/08/05 v3.6o Customizing captions (AR)

(C:\Program Files\MiKTeX\tex/latex/caption\caption3.sty
Package: caption3 2023/07/31 v2.4d caption3 kernel (AR)
\caption@tempdima=\dimen191
\captionmargin=\dimen192
\caption@leftmargin=\dimen193
\caption@rightmargin=\dimen194
\caption@width=\dimen195
\caption@indent=\dimen196
\caption@parindent=\dimen197
\caption@hangindent=\dimen198
Package caption Info: Standard document class detected.
)
\c@caption@flags=\count314
\c@continuedfloat=\count315
)
(C:\Program Files\MiKTeX\tex/latex/caption\subcaption.sty
Package: subcaption 2023/07/28 v1.6b Sub-captions (AR)
Package caption Info: New subtype `subfigure' on input line 238.
\c@subfigure=\count316
Package caption Info: New subtype `subtable' on input line 238.
\c@subtable=\count317
)
(C:\Program Files\MiKTeX\tex/latex/xcolor\xcolor.sty
Package: xcolor 2024/09/29 v3.02 LaTeX color extensions (UK)

(C:\Program Files\MiKTeX\tex/latex/graphics-cfg\color.cfg
File: color.cfg 2016/01/02 v1.6 sample color configuration
)
Package xcolor Info: Driver file: pdftex.def on input line 274.

(C:\Program Files\MiKTeX\tex/latex/graphics\mathcolor.ltx)
Package xcolor Info: Model `cmy' substituted by `cmy0' on input line 1349.
Package xcolor Info: Model `hsb' substituted by `rgb' on input line 1353.
Package xcolor Info: Model `RGB' extended on input line 1365.
Package xcolor Info: Model `HTML' substituted by `rgb' on input line 1367.
Package xcolor Info: Model `Hsb' substituted by `hsb' on input line 1368.
Package xcolor Info: Model `tHsb' substituted by `hsb' on input line 1369.
Package xcolor Info: Model `HSB' substituted by `hsb' on input line 1370.
Package xcolor Info: Model `Gray' substituted by `gray' on input line 1371.
Package xcolor Info: Model `wave' substituted by `hsb' on input line 1372.
)
(C:\Program Files\MiKTeX\tex/latex/colortbl\colortbl.sty
Package: colortbl 2024/10/29 v1.0k Color table columns (DPC)
\everycr=\toks27
\minrowclearance=\skip60
\rownum=\count318
)
(C:\Program Files\MiKTeX\tex/latex/float\float.sty
Package: float 2001/11/08 v1.3d Float enhancements (AL)
\c@float@type=\count319
\float@exts=\toks28
\float@box=\box103
\@float@everytoks=\toks29
\@floatcapt=\box104
)
(C:\Program Files\MiKTeX\tex/latex/makecell\makecell.sty
Package: makecell 2009/08/03 V0.1e Managing of Tab Column Heads and Cells
\rotheadsize=\dimen199
\c@nlinenum=\count320
\TeXr@lab=\toks30
)
(C:\Program Files\MiKTeX\tex/latex/siunitx\siunitx.sty
Package: siunitx 2026-04-15 v3.5.4 A comprehensive (SI) units package
\l__siunitx_number_uncert_offset_int=\count321
\l__siunitx_number_exponent_fixed_int=\count322
\l__siunitx_number_min_decimal_int=\count323
\l__siunitx_number_min_integer_int=\count324
\l__siunitx_number_round_precision_int=\count325
\l__siunitx_number_lower_threshold_int=\count326
\l__siunitx_number_upper_threshold_int=\count327
\l__siunitx_number_group_first_int=\count328
\l__siunitx_number_group_size_int=\count329
\l__siunitx_number_group_min_int=\count330
\l__siunitx_number_group_minimum_int=\count331
\l__siunitx_compound_count_int=\count332

(C:\Program Files\MiKTeX\tex/latex/translations\translations.sty
Package: translations 2022/02/05 v1.12 internationalization of LaTeX2e packages
 (CN)

(C:\Program Files\MiKTeX\tex/latex/etoolbox\etoolbox.sty
Package: etoolbox 2025/10/02 v2.5m e-TeX tools for LaTeX (JAW)
\etb@tempcnta=\count333
)
(C:\Program Files\MiKTeX\tex/generic/pdftexcmds\pdftexcmds.sty
Package: pdftexcmds 2020-06-27 v0.33 Utility functions of pdfTeX for LuaTeX (HO
)

(C:\Program Files\MiKTeX\tex/generic/infwarerr\infwarerr.sty
Package: infwarerr 2019/12/03 v1.5 Providing info/warning/error messages (HO)
)
(C:\Program Files\MiKTeX\tex/generic/iftex\iftex.sty
Package: iftex 2024/12/12 v1.0g TeX engine tests
)
(C:\Program Files\MiKTeX\tex/generic/ltxcmds\ltxcmds.sty
Package: ltxcmds 2023-12-04 v1.26 LaTeX kernel commands for general use (HO)
)
Package pdftexcmds Info: \pdf@primitive is available.
Package pdftexcmds Info: \pdf@ifprimitive is available.
Package pdftexcmds Info: \pdfdraftmode found.
))
\l__siunitx_table_tmp_box=\box105
\l__siunitx_table_tmp_dim=\dimen256
\l__siunitx_table_column_width_dim=\dimen257
\l__siunitx_table_integer_box=\box106
\l__siunitx_table_decimal_box=\box107
\l__siunitx_table_uncert_box=\box108
\l__siunitx_table_before_box=\box109
\l__siunitx_table_after_box=\box110
\l__siunitx_table_before_dim=\dimen258
\l__siunitx_table_carry_dim=\dimen259
\l__siunitx_unit_tmp_int=\count334
\l__siunitx_unit_position_int=\count335
\l__siunitx_unit_total_int=\count336
\l__siunitx_sexagesimal_tmp_dim=\dimen260
\l__siunitx_sexagesimal_marker_box=\box111
\l__siunitx_sexagesimal_unit_box=\box112
)
(C:\Program Files\MiKTeX\tex/latex/geometry\geometry.sty
Package: geometry 2026/03/07 v6.0 Page Geometry

(C:\Program Files\MiKTeX\tex/generic/iftex\ifvtex.sty
Package: ifvtex 2019/10/25 v1.7 ifvtex legacy package. Use iftex instead.
)
\Gm@cnth=\count337
\Gm@cntv=\count338
\c@Gm@tempcnt=\count339
\Gm@bindingoffset=\dimen261
\Gm@wd@mp=\dimen262
\Gm@odd@mp=\dimen263
\Gm@even@mp=\dimen264
\Gm@layoutwidth=\dimen265
\Gm@layoutheight=\dimen266
\Gm@layouthoffset=\dimen267
\Gm@layoutvoffset=\dimen268
\Gm@dimlist=\toks31

(C:\Program Files\MiKTeX\tex/latex/geometry\geometry.cfg))
(C:\Program Files\MiKTeX\tex/latex/setspace\setspace.sty
Package: setspace 2022/12/04 v6.7b set line spacing
)
(C:\Program Files\MiKTeX\tex/latex/parskip\parskip.sty
Package: parskip 2021-03-14 v2.0h non-zero parskip adjustments

(C:\Program Files\MiKTeX\tex/latex/kvoptions\kvoptions.sty
Package: kvoptions 2022-06-15 v3.15 Key value format for package options (HO)

(C:\Program Files\MiKTeX\tex/latex/kvsetkeys\kvsetkeys.sty
Package: kvsetkeys 2022-10-05 v1.19 Key value parser (HO)
)))
(C:\Program Files\MiKTeX\tex/latex/enumitem\enumitem.sty
Package: enumitem 2025/02/06 v3.11 Customized lists
\labelindent=\skip61
\enit@outerparindent=\dimen269
\enit@toks=\toks32
\enit@inbox=\box113
\enit@count@id=\count340
\enitdp@description=\count341
)

Package siunitx Info: Option "separate-uncertainty" has been deprecated in
(siunitx)             this release.
(siunitx)             
(siunitx)             Use "uncertainty-mode = separate" as a replacement.


(C:\Program Files\MiKTeX\tex/latex/algorithm2e\algorithm2e.sty
Package: algorithm2e 2017/07/18 v5.2 algorithms environments
\c@AlgoLine=\count342

(C:\Program Files\MiKTeX\tex/latex/base\ifthen.sty
Package: ifthen 2024/03/16 v1.1e Standard LaTeX ifthen package (DPC)
)
\algocf@hangindent=\skip62

(C:\Program Files\MiKTeX\tex/latex/ifoddpage\ifoddpage.sty
Package: ifoddpage 2022/10/18 v1.2 Conditionals for odd/even page detection
\c@checkoddpage=\count343
)
(C:\Program Files\MiKTeX\tex/latex/tools\xspace.sty
Package: xspace 2014/10/28 v1.13 Space after command names (DPC,MH)
)
(C:\Program Files\MiKTeX\tex/latex/relsize\relsize.sty
Package: relsize 2013/03/29 ver 4.1
)
\skiptotal=\skip63
\skiplinenumber=\skip64
\skiprule=\skip65
\skiphlne=\skip66
\skiptext=\skip67
\skiplength=\skip68
\algomargin=\skip69
\skipalgocfslide=\skip70
\algowidth=\dimen270
\inoutsize=\dimen271
\inoutindent=\dimen272
\interspacetitleruled=\dimen273
\interspacealgoruled=\dimen274
\interspacetitleboxruled=\dimen275
\algocf@ruledwidth=\skip71
\algocf@inoutbox=\box114
\algocf@inputbox=\box115
\AlCapSkip=\skip72
\AlCapHSkip=\skip73
\algoskipindent=\skip74
\algocf@nlbox=\box116
\algocf@hangingbox=\box117
\algocf@untilbox=\box118
\algocf@skipuntil=\skip75
\algocf@capbox=\box119
\algocf@lcaptionbox=\skip76
\algoheightruledefault=\skip77
\algoheightrule=\skip78
\algotitleheightruledefault=\skip79
\algotitleheightrule=\skip80
\c@algocfline=\count344
\c@algocfproc=\count345
\c@algocf=\count346
\algocf@algoframe=\box120
\algocf@algobox=\box121
)
(C:\Program Files\MiKTeX\tex/latex/hyperref\hyperref.sty
Package: hyperref 2025-07-12 v7.01o Hypertext links for LaTeX

(C:\Program Files\MiKTeX\tex/generic/kvdefinekeys\kvdefinekeys.sty
Package: kvdefinekeys 2019-12-19 v1.6 Define keys (HO)
)
(C:\Program Files\MiKTeX\tex/generic/pdfescape\pdfescape.sty
Package: pdfescape 2019/12/09 v1.15 Implements pdfTeX's escape features (HO)
)
(C:\Program Files\MiKTeX\tex/latex/hycolor\hycolor.sty
Package: hycolor 2020-01-27 v1.10 Color options for hyperref/bookmark (HO)
)
(C:\Program Files\MiKTeX\tex/latex/hyperref\nameref.sty
Package: nameref 2025-06-21 v2.57 Cross-referencing by name of section

(C:\Program Files\MiKTeX\tex/latex/refcount\refcount.sty
Package: refcount 2019/12/15 v3.6 Data extraction from label references (HO)
)
(C:\Program Files\MiKTeX\tex/generic/gettitlestring\gettitlestring.sty
Package: gettitlestring 2019/12/15 v1.6 Cleanup title references (HO)
)
\c@section@level=\count347
)
(C:\Program Files\MiKTeX\tex/generic/stringenc\stringenc.sty
Package: stringenc 2019/11/29 v1.12 Convert strings between diff. encodings (HO
)
)
\@linkdim=\dimen276
\Hy@linkcounter=\count348
\Hy@pagecounter=\count349

(C:\Program Files\MiKTeX\tex/latex/hyperref\pd1enc.def
File: pd1enc.def 2025-07-12 v7.01o Hyperref: PDFDocEncoding definition (HO)
Now handling font encoding PD1 ...
... no UTF-8 mapping file for font encoding PD1
)
(C:\Program Files\MiKTeX\tex/generic/intcalc\intcalc.sty
Package: intcalc 2019/12/15 v1.3 Expandable calculations with integers (HO)
)
\Hy@SavedSpaceFactor=\count350

(C:\Program Files\MiKTeX\tex/latex/hyperref\puenc.def
File: puenc.def 2025-07-12 v7.01o Hyperref: PDF Unicode definition (HO)
Now handling font encoding PU ...
... no UTF-8 mapping file for font encoding PU
)
Package hyperref Info: Hyper figures OFF on input line 4195.
Package hyperref Info: Link nesting OFF on input line 4200.
Package hyperref Info: Hyper index ON on input line 4203.
Package hyperref Info: Plain pages OFF on input line 4210.
Package hyperref Info: Backreferencing OFF on input line 4215.
Package hyperref Info: Implicit mode ON; LaTeX internals redefined.
Package hyperref Info: Bookmarks ON on input line 4462.
\c@Hy@tempcnt=\count351

(C:\Program Files\MiKTeX\tex/latex/url\url.sty
\Urlmuskip=\muskip18
Package: url 2013/09/16  ver 3.4  Verb mode for urls, etc.
)
LaTeX Info: Redefining \url on input line 4801.
\XeTeXLinkMargin=\dimen277

(C:\Program Files\MiKTeX\tex/generic/bitset\bitset.sty
Package: bitset 2019/12/09 v1.3 Handle bit-vector datatype (HO)

(C:\Program Files\MiKTeX\tex/generic/bigintcalc\bigintcalc.sty
Package: bigintcalc 2019/12/15 v1.5 Expandable calculations on big integers (HO
)
))
\Fld@menulength=\count352
\Field@Width=\dimen278
\Fld@charsize=\dimen279
Package hyperref Info: Hyper figures OFF on input line 6078.
Package hyperref Info: Link nesting OFF on input line 6083.
Package hyperref Info: Hyper index ON on input line 6086.
Package hyperref Info: backreferencing OFF on input line 6093.
Package hyperref Info: Link coloring OFF on input line 6098.
Package hyperref Info: Link coloring with OCG OFF on input line 6103.
Package hyperref Info: PDF/A mode OFF on input line 6108.
\Hy@abspage=\count353
\c@Item=\count354
\c@Hfootnote=\count355
)
Package hyperref Info: Driver (autodetected): hpdftex.

(C:\Program Files\MiKTeX\tex/latex/hyperref\hpdftex.def
File: hpdftex.def 2025-07-12 v7.01o Hyperref driver for pdfTeX
\Fld@listcount=\count356
\c@bookmark@seq@number=\count357

(C:\Program Files\MiKTeX\tex/latex/rerunfilecheck\rerunfilecheck.sty
Package: rerunfilecheck 2025-06-21 v1.11 Rerun checks for auxiliary files (HO)

(C:\Program Files\MiKTeX\tex/generic/uniquecounter\uniquecounter.sty
Package: uniquecounter 2019/12/15 v1.4 Provide unlimited unique counter (HO)
)
Package uniquecounter Info: New unique counter `rerunfilecheck' on input line 2
84.
)
\Hy@SectionHShift=\skip81
)
Package hyperref Info: Option `colorlinks' set `true' on input line 62.

(C:\Program Files\MiKTeX\tex/latex/natbib\natbib.sty
Package: natbib 2010/09/13 8.31b (PWD, AO)
\bibhang=\skip82
\bibsep=\skip83
LaTeX Info: Redefining \cite on input line 694.
\c@NAT@ctr=\count358
)
(C:\Program Files\MiKTeX\tex/latex/l3backend\l3backend-pdftex.def
File: l3backend-pdftex.def 2025-10-09 L3 backend support: PDF output (pdfTeX)
\l__color_backend_stack_int=\count359
) (main.aux

LaTeX Warning: Label `tab:protocol_summary' multiply defined.

)
\openout1 = `main.aux'.

LaTeX Font Info:    Checking defaults for OML/cmm/m/it on input line 120.
LaTeX Font Info:    ... okay on input line 120.
LaTeX Font Info:    Checking defaults for OMS/cmsy/m/n on input line 120.
LaTeX Font Info:    ... okay on input line 120.
LaTeX Font Info:    Checking defaults for OT1/cmr/m/n on input line 120.
LaTeX Font Info:    ... okay on input line 120.
LaTeX Font Info:    Checking defaults for T1/cmr/m/n on input line 120.
LaTeX Font Info:    ... okay on input line 120.
LaTeX Font Info:    Checking defaults for TS1/cmr/m/n on input line 120.
LaTeX Font Info:    ... okay on input line 120.
LaTeX Font Info:    Checking defaults for OMX/cmex/m/n on input line 120.
LaTeX Font Info:    ... okay on input line 120.
LaTeX Font Info:    Checking defaults for U/cmr/m/n on input line 120.
LaTeX Font Info:    ... okay on input line 120.
LaTeX Font Info:    Checking defaults for PD1/pdf/m/n on input line 120.
LaTeX Font Info:    ... okay on input line 120.
LaTeX Font Info:    Checking defaults for PU/pdf/m/n on input line 120.
LaTeX Font Info:    ... okay on input line 120.
 (C:\Program Files\MiKTeX\tex/context/base/mkii\supp-pdf.mkii
[Loading MPS to PDF converter (version 2006.09.02).]
\scratchcounter=\count360
\scratchdimen=\dimen280
\scratchbox=\box122
\nofMPsegments=\count361
\nofMParguments=\count362
\everyMPshowfont=\toks33
\MPscratchCnt=\count363
\MPscratchDim=\dimen281
\MPnumerator=\count364
\makeMPintoPDFobject=\count365
\everyMPtoPDFconversion=\toks34
) (C:\Program Files\MiKTeX\tex/latex/epstopdf-pkg\epstopdf-base.sty
Package: epstopdf-base 2020-01-24 v2.11 Base part for package epstopdf
Package epstopdf-base Info: Redefining graphics rule for `.eps' on input line 4
85.

(C:\Program Files\MiKTeX\tex/latex/00miktex\epstopdf-sys.cfg
File: epstopdf-sys.cfg 2021/03/18 v2.0 Configuration of epstopdf for MiKTeX
))
Package caption Info: Begin \AtBeginDocument code.
Package caption Info: float package is loaded.
Package caption Info: hyperref package is loaded.
Package caption Info: End \AtBeginDocument code.

(C:\Program Files\MiKTeX\tex/latex/translations/dicts\translations-basic-dictio
nary-english.trsl
File: translations-basic-dictionary-english.trsl (english translation file `tra
nslations-basic-dictionary')
)
Package translations Info: loading dictionary `translations-basic-dictionary' f
or `english'. on input line 120.

*geometry* driver: auto-detecting
*geometry* detected driver: pdftex
*geometry* verbose mode - [ preamble ] result:
* driver: pdftex
* paper: a4paper
* layout: <same size as paper>
* layoutoffset:(h,v)=(0.0pt,0.0pt)
* modes: 
* h-part:(L,W,R)=(71.13188pt, 455.24411pt, 71.13188pt)
* v-part:(T,H,B)=(71.13188pt, 702.78308pt, 71.13188pt)
* \paperwidth=597.50787pt
* \paperheight=845.04684pt
* \textwidth=455.24411pt
* \textheight=702.78308pt
* \oddsidemargin=-1.1381pt
* \evensidemargin=-1.1381pt
* \topmargin=-38.1381pt
* \headheight=12.0pt
* \headsep=25.0pt
* \topskip=12.0pt
* \footskip=30.0pt
* \marginparwidth=35.0pt
* \marginparsep=10.0pt
* \columnsep=10.0pt
* \skip\footins=10.8pt plus 4.0pt minus 2.0pt
* \hoffset=0.0pt
* \voffset=0.0pt
* \mag=1000
* \@twocolumnfalse
* \@twosidefalse
* \@mparswitchfalse
* \@reversemarginfalse
* (1in=72.27pt=25.4mm, 1cm=28.453pt)

Package hyperref Info: Link coloring ON on input line 120.
(main.out) (main.out)
\@outlinefile=\write3
\openout3 = `main.out'.

LaTeX Font Info:    Trying to load font information for U+msa on input line 123
.
 (C:\Program Files\MiKTeX\tex/latex/amsfonts\umsa.fd
File: umsa.fd 2013/01/14 v3.01 AMS symbols A
)
LaTeX Font Info:    Trying to load font information for U+msb on input line 123
.

(C:\Program Files\MiKTeX\tex/latex/amsfonts\umsb.fd
File: umsb.fd 2013/01/14 v3.01 AMS symbols B
) (sections/00_abstract.tex
[1

{C:/Users/AMIDOU MAIGA/AppData/Local/MiKTeX/fonts/map/pdftex/pdftex.map}])
[2] (main.toc [3]
LaTeX Font Info:    Font shape `T1/cmtt/bx/n' in size <12> not available
(Font)              Font shape `T1/cmtt/m/n' tried instead on input line 54.
)
\tf@toc=\write4
\openout4 = `main.toc'.

 [4] (sections/01_introduction.tex [5] [6]
Overfull \hbox (7.21509pt too wide) in paragraph at lines 121--128
[]\T1/cmr/m/n/12 Applying the same di-ag-nos-tic stan-dard as Find-ing 2 to our
 own GP-based uncertainty-
 []


Overfull \hbox (6.69295pt too wide) in paragraph at lines 209--209
 []|\T1/cmr/m/n/10.95 Closed- 
 []

[7]) [8] [9] (sections/02_system_modeling.tex [10] [11]
<figures/Fig3_S2_ModelSummary.png, id=488, 903.375pt x 346.4142pt>
File: figures/Fig3_S2_ModelSummary.png Graphic file (type png)
<use figures/Fig3_S2_ModelSummary.png>
Package pdftex.def Info: figures/Fig3_S2_ModelSummary.png  used on input line 1
63.
(pdftex.def)             Requested size: 364.19667pt x 139.65738pt.
) [12 <./figures/Fig3_S2_ModelSummary.png (PNG copy)>] [13] (sections/03_datase
t_generation.tex
[14]
<figures/Fig1_S1_Coverage.png, id=521, 828.2142pt x 361.35pt>
File: figures/Fig1_S1_Coverage.png Graphic file (type png)
<use figures/Fig1_S1_Coverage.png>
Package pdftex.def Info: figures/Fig1_S1_Coverage.png  used on input line 97.
(pdftex.def)             Requested size: 364.19667pt x 158.90076pt.
) [15 <./figures/Fig1_S1_Coverage.png (PNG copy)>]
(sections/04_ml_surrogate_models.tex [16] [17] [18]
Overfull \hbox (7.13893pt too wide) in paragraph at lines 241--263
 [][] 
 []

[19]
<figures/Fig2_S2_PredictionAccuracy.png, id=574, 978.5358pt x 361.35pt>
File: figures/Fig2_S2_PredictionAccuracy.png Graphic file (type png)
<use figures/Fig2_S2_PredictionAccuracy.png>
Package pdftex.def Info: figures/Fig2_S2_PredictionAccuracy.png  used on input 
line 273.
(pdftex.def)             Requested size: 386.96027pt x 142.89433pt.
) [20 <./figures/Fig2_S2_PredictionAccuracy.png (PNG copy)>]
(sections/05_mpc_framework.tex
Overfull \hbox (22.3638pt too wide) in paragraph at lines 54--68
\T1/cmr/m/n/12 volved); LL-NFM and PINN \T1/cmtt/m/n/12 sf_*(x,u,V,mdl) \T1/cmr
/m/n/12 ($\OML/cmm/m/it/12 n \OT1/cmr/m/n/12 = 2$\T1/cmr/m/n/12 ); LSTM \T1/cmt
t/m/n/12 sf_lstm(x,u,V,mdl,seq_buf)
 []


Overfull \hbox (10.86179pt too wide) in paragraph at lines 54--68
\T1/cmr/m/n/12 ($\OML/cmm/m/it/12 n \OT1/cmr/m/n/12 = 3$\T1/cmr/m/n/12 , car-ry
-ing an ex-plicit se-quence buffer); and GP \T1/cmtt/m/n/12 sf_gp(x,u,V,mdl,ome
ga_ref,kappa)
 []

[21]
Overfull \hbox (97.53766pt too wide) in paragraph at lines 94--98
\T1/cmr/m/n/12 For the GP con-troller, the stan-dard quadratic cost is re-place
d en-tirely (\T1/cmtt/m/n/12 Optimization.ReplaceStandardCost
 []

[22]
Overfull \hbox (6.80975pt too wide) in paragraph at lines 132--141
\T1/cmr/m/n/12 Table [][]6[][] sum-ma-rizes the solver bud-get, hard-ware, and 
per-comparison set-tings used through-
 []

[23] [24] [25] [26]
Overfull \hbox (8.65714pt too wide) in paragraph at lines 339--355
\T1/cmr/m/n/12 metic \T1/cmtt/m/n/12 tanh\T1/cmr/m/n/12 /\T1/cmtt/m/n/12 ReLU \
T1/cmr/m/n/12 dense lay-ers for the resid-ual MLP, SW-MLP, and PINN-v2; the Mat
érn 5/2
 []

<figures/Fig1_PredictBypass_CPUComparison.png, id=670, 753.0534pt x 361.35pt>
File: figures/Fig1_PredictBypass_CPUComparison.png Graphic file (type png)
<use figures/Fig1_PredictBypass_CPUComparison.png>
Package pdftex.def Info: figures/Fig1_PredictBypass_CPUComparison.png  used on 
input line 386.
(pdftex.def)             Requested size: 386.96027pt x 185.68105pt.
[27]
<figures/Fig2_PredictBypass_Speedup.png, id=679, 677.4108pt x 331.4784pt>
File: figures/Fig2_PredictBypass_Speedup.png Graphic file (type png)
<use figures/Fig2_PredictBypass_Speedup.png>
Package pdftex.def Info: figures/Fig2_PredictBypass_Speedup.png  used on input 
line 395.
(pdftex.def)             Requested size: 364.19667pt x 178.21167pt.
<figures/Fig3_PredictBypass_Overruns.png, id=680, 753.0534pt x 346.4142pt>
File: figures/Fig3_PredictBypass_Overruns.png Graphic file (type png)
<use figures/Fig3_PredictBypass_Overruns.png>
Package pdftex.def Info: figures/Fig3_PredictBypass_Overruns.png  used on input
 line 403.
(pdftex.def)             Requested size: 386.96027pt x 178.00621pt.
 [28 <./figures/Fig1_PredictBypass_CPUComparison.png (PNG copy)> <./figures/Fig
2_PredictBypass_Speedup.png (PNG copy)> <./figures/Fig3_PredictBypass_Overruns.
png (PNG copy)>] [29] [30]) [31] (sections/06_closed_loop_results.tex
[32]
<figures/Fig1_S3_SpeedTracking.png, id=729, 903.375pt x 376.2858pt>
File: figures/Fig1_S3_SpeedTracking.png Graphic file (type png)
<use figures/Fig1_S3_SpeedTracking.png>
Package pdftex.def Info: figures/Fig1_S3_SpeedTracking.png  used on input line 
79.
(pdftex.def)             Requested size: 386.96027pt x 161.18538pt.
 [33 <./figures/Fig1_S3_SpeedTracking.png (PNG copy)>]
<figures/Fig1_V2_SpeedTracking.png, id=740, 753.0534pt x 361.35pt>
File: figures/Fig1_V2_SpeedTracking.png Graphic file (type png)
<use figures/Fig1_V2_SpeedTracking.png>
Package pdftex.def Info: figures/Fig1_V2_SpeedTracking.png  used on input line 
128.
(pdftex.def)             Requested size: 386.96027pt x 185.68105pt.
<figures/Fig4_V2_GPUncertainty.png, id=741, 753.0534pt x 361.35pt>
File: figures/Fig4_V2_GPUncertainty.png Graphic file (type png)
<use figures/Fig4_V2_GPUncertainty.png>
Package pdftex.def Info: figures/Fig4_V2_GPUncertainty.png  used on input line 
136.
(pdftex.def)             Requested size: 386.96027pt x 185.68105pt.
 [34 <./figures/Fig1_V2_SpeedTracking.png (PNG copy)> <./figures/Fig4_V2_GPUnce
rtainty.png (PNG copy)>]
LaTeX Font Info:    Font shape `T1/cmtt/bx/n' in size <14.4> not available
(Font)              Font shape `T1/cmtt/m/n' tried instead on input line 179.
 [35]
<figures/Fig1_V3_SpeedTracking.png, id=772, 828.2142pt x 376.2858pt>
File: figures/Fig1_V3_SpeedTracking.png Graphic file (type png)
<use figures/Fig1_V3_SpeedTracking.png>
Package pdftex.def Info: figures/Fig1_V3_SpeedTracking.png  used on input line 
259.
(pdftex.def)             Requested size: 409.71692pt x 186.15007pt.
 [36]
<figures/Fig2_V3_PitchControl.png, id=779, 828.2142pt x 376.2858pt>
File: figures/Fig2_V3_PitchControl.png Graphic file (type png)
<use figures/Fig2_V3_PitchControl.png>
Package pdftex.def Info: figures/Fig2_V3_PitchControl.png  used on input line 2
67.
(pdftex.def)             Requested size: 409.71692pt x 186.15007pt.
<figures/Fig3_V3_PowerOutput.png, id=782, 828.2142pt x 376.2858pt>
File: figures/Fig3_V3_PowerOutput.png Graphic file (type png)
<use figures/Fig3_V3_PowerOutput.png>
Package pdftex.def Info: figures/Fig3_V3_PowerOutput.png  used on input line 27
8.
(pdftex.def)             Requested size: 409.71692pt x 186.15007pt.
 [37 <./figures/Fig1_V3_SpeedTracking.png (PNG copy)> <./figures/Fig2_V3_PitchC
ontrol.png (PNG copy)>]
<figures/Fig5_V3_MetricsSummary.png, id=790, 978.5358pt x 346.4142pt>
File: figures/Fig5_V3_MetricsSummary.png Graphic file (type png)
<use figures/Fig5_V3_MetricsSummary.png>
Package pdftex.def Info: figures/Fig5_V3_MetricsSummary.png  used on input line
 289.
(pdftex.def)             Requested size: 432.48051pt x 153.0993pt.
<figures/FigE_TimingHistograms.png, id=793, 978.5358pt x 564.6696pt>
File: figures/FigE_TimingHistograms.png Graphic file (type png)
<use figures/FigE_TimingHistograms.png>
Package pdftex.def Info: figures/FigE_TimingHistograms.png  used on input line 
300.
(pdftex.def)             Requested size: 432.48051pt x 249.55826pt.
 [38 <./figures/Fig3_V3_PowerOutput.png (PNG copy)> <./figures/Fig5_V3_MetricsS
ummary.png (PNG copy)>]
<figures/FigG_CostVsAccuracy.png, id=802, 602.25pt x 451.9284pt>
File: figures/FigG_CostVsAccuracy.png Graphic file (type png)
<use figures/FigG_CostVsAccuracy.png>
Package pdftex.def Info: figures/FigG_CostVsAccuracy.png  used on input line 31
1.
(pdftex.def)             Requested size: 318.66948pt x 239.13474pt.
 [39 <./figures/FigE_TimingHistograms.png (PNG copy)> <./figures/FigG_CostVsAcc
uracy.png (PNG copy)>] [40]
<figures/FigA_MonteCarlo_RMSE_by_WindSpeed.png, id=829, 903.375pt x 391.2216pt>

File: figures/FigA_MonteCarlo_RMSE_by_WindSpeed.png Graphic file (type png)
<use figures/FigA_MonteCarlo_RMSE_by_WindSpeed.png>
Package pdftex.def Info: figures/FigA_MonteCarlo_RMSE_by_WindSpeed.png  used on
 input line 438.
(pdftex.def)             Requested size: 386.96027pt x 167.58327pt.
 [41]
<figures/FigB_MonteCarlo_Repeatability.png, id=835, 828.2142pt x 361.35pt>
File: figures/FigB_MonteCarlo_Repeatability.png Graphic file (type png)
<use figures/FigB_MonteCarlo_Repeatability.png>
Package pdftex.def Info: figures/FigB_MonteCarlo_Repeatability.png  used on inp
ut line 446.
(pdftex.def)             Requested size: 318.66948pt x 139.03471pt.
<figures/FigD_MonteCarlo_OldVsNew.png, id=839, 602.25pt x 361.35pt>
File: figures/FigD_MonteCarlo_OldVsNew.png Graphic file (type png)
<use figures/FigD_MonteCarlo_OldVsNew.png>
Package pdftex.def Info: figures/FigD_MonteCarlo_OldVsNew.png  used on input li
ne 472.
(pdftex.def)             Requested size: 273.14923pt x 163.89621pt.
 [42 <./figures/FigA_MonteCarlo_RMSE_by_WindSpeed.png (PNG copy)> <./figures/Fi
gB_MonteCarlo_Repeatability.png (PNG copy)>]
<figures/FigC_MonteCarlo_CPU_by_WindSpeed.png, id=847, 828.2142pt x 361.35pt>
File: figures/FigC_MonteCarlo_CPU_by_WindSpeed.png Graphic file (type png)
<use figures/FigC_MonteCarlo_CPU_by_WindSpeed.png>
Package pdftex.def Info: figures/FigC_MonteCarlo_CPU_by_WindSpeed.png  used on 
input line 483.
(pdftex.def)             Requested size: 386.96027pt x 168.83102pt.
) [43 <./figures/FigD_MonteCarlo_OldVsNew.png (PNG copy)> <./figures/FigC_Monte
Carlo_CPU_by_WindSpeed.png (PNG copy)>] (sections/07_discussion.tex [44]
<figures/FigF_GPFrozenActuator_PitchTrace.png, id=882, 1129.3392pt x 527.0892pt
>
File: figures/FigF_GPFrozenActuator_PitchTrace.png Graphic file (type png)
<use figures/FigF_GPFrozenActuator_PitchTrace.png>
Package pdftex.def Info: figures/FigF_GPFrozenActuator_PitchTrace.png  used on 
input line 95.
(pdftex.def)             Requested size: 455.24411pt x 212.47266pt.
 [45 <./figures/FigF_GPFrozenActuator_PitchTrace.png (PNG copy)>] [46] [47] [48
]) [49] [50]
(sections/08_conclusion.tex
Overfull \hbox (12.0307pt too wide) in paragraph at lines 44--64
\T1/cmr/m/n/12 sults tem-per the ear-lier, nar-rower rec-om-men-da-tion to re-s
trict con-sid-er-a-tion to instantaneous-
 []

[51]) [52] (sections/09_appendix.tex
LaTeX Font Info:    Font shape `T1/cmtt/bx/n' in size <17.28> not available
(Font)              Font shape `T1/cmtt/m/n' tried instead on input line 5.

Overfull \hbox (0.8566pt too wide) in paragraph at lines 19--25
\T1/cmr/m/n/12 and per-layer ac-ti-va-tions $\OML/cmm/m/it/12 ^^^[]; [] ; ^^^[]
$ \T1/cmr/m/n/12 (iden-ti-fied au-to-mat-i-cally from the trained \T1/cmtt/m/n/
12 dlnetwork\T1/cmr/m/n/12 's
 []


Overfull \hbox (6.61203pt too wide) in paragraph at lines 41--47
\OMS/cmsy/m/n/12 f\OML/cmm/m/it/12 []\OMS/cmsy/m/n/12 g$\T1/cmr/m/n/12 , and c
on-stant ba-sis co-ef-fi-cient $\OML/cmm/m/it/12 ^^L[]$ \T1/cmr/m/n/12 (all ex-
tracted di-rectly from the trained \T1/cmtt/m/n/12 RegressionGP
 []


Overfull \hbox (78.0125pt too wide) in paragraph at lines 53--63
\T1/cmr/m/n/12 with $\OML/cmm/m/it/12 r \OT1/cmr/m/n/12 = \OMS/cmsy/m/n/12 k\OT
1/cmr/bx/n/12 x \OMS/cmsy/m/n/12 ^^@ \OT1/cmr/bx/n/12 x[]\OMS/cmsy/m/n/12 k[]$ 
\T1/cmr/m/n/12 and ker-nel hy-per-pa-ram-e-ters $\OT1/cmr/m/n/12 (\OML/cmm/m/it
/12 ^^[[]; l\OT1/cmr/m/n/12 )$ \T1/cmr/m/n/12 read from \T1/cmtt/m/n/12 KernelI
nformation.KernelParameters\T1/cmr/m/n/12 .
 []

[53] [54]
Overfull \hbox (16.4783pt too wide) in paragraph at lines 139--152
\T1/cmr/m/n/12 struc-tion and train-ing, and record the seed used in the re-tur
ned model struct (\T1/cmtt/m/n/12 mdl.rng_seed\T1/cmr/m/n/12 ).
 []


Overfull \hbox (3.0443pt too wide) in paragraph at lines 172--185
 [][] 
 []

) [55] [56] (main.bbl [57] [58]) [59] (main.aux)
 ***********
LaTeX2e <2025-11-01>
L3 programming layer <2025-12-24>
 ***********


LaTeX Warning: There were multiply-defined labels.

Package rerunfilecheck Info: File `main.out' has not changed.
(rerunfilecheck)             Checksum: ED1927CE34E75B214E8103FB20A04C81;10028.
 ) 
Here is how much of TeX's memory you used:
 20542 strings out of 467871
 393184 string characters out of 5428420
 808671 words of memory out of 5000000
 48935 multiletter control sequences out of 15000+600000
 652966 words of font info for 106 fonts, out of 8000000 for 9000
 1141 hyphenation exceptions out of 8191
 73i,16n,83p,631b,1196s stack positions out of 10000i,1000n,20000p,200000b,200000s
 <C:\Users\AMIDOU MAIGA\AppData\Local\MiKTeX\fonts/pk/ljfour/jknappen/ec/dpi6
00\ecrm0600.pk> <C:\Users\AMIDOU MAIGA\AppData\Local\MiKTeX\fonts/pk/ljfour/jkn
appen/ec/dpi600\ectt1728.pk> <C:\Users\AMIDOU MAIGA\AppData\Local\MiKTeX\fonts/
pk/ljfour/jknappen/ec/dpi600\ectt1440.pk> <C:\Users\AMIDOU MAIGA\AppData\Local\
MiKTeX\fonts/pk/ljfour/jknappen/ec/dpi600\ecit1200.pk> <C:\Users\AMIDOU MAIGA\A
ppData\Local\MiKTeX\fonts/pk/ljfour/jknappen/ec/dpi600\ecti1095.pk> <C:\Users\A
MIDOU MAIGA\AppData\Local\MiKTeX\fonts/pk/ljfour/jknappen/ec/dpi600\ecrm1000.pk
> <C:\Users\AMIDOU MAIGA\AppData\Local\MiKTeX\fonts/pk/ljfour/jknappen/ec/dpi60
0\ecrm0800.pk> <C:\Users\AMIDOU MAIGA\AppData\Local\MiKTeX\fonts/pk/ljfour/jkna
ppen/ec/dpi600\ecti1000.pk> <C:\Users\AMIDOU MAIGA\AppData\Local\MiKTeX\fonts/p
k/ljfour/jknappen/ec/dpi600\ecti1200.pk> <C:\Users\AMIDOU MAIGA\AppData\Local\M
iKTeX\fonts/pk/ljfour/jknappen/ec/dpi600\ectt1200.pk> <C:\Users\AMIDOU MAIGA\Ap
pData\Local\MiKTeX\fonts/pk/ljfour/jknappen/ec/dpi600\ecbx1200.pk> <C:\Users\AM
IDOU MAIGA\AppData\Local\MiKTeX\fonts/pk/ljfour/jknappen/ec/dpi600\ecrm1200.pk>
 <C:\Users\AMIDOU MAIGA\AppData\Local\MiKTeX\fonts/pk/ljfour/jknappen/ec/dpi600
\ectt1095.pk> <C:\Users\AMIDOU MAIGA\AppData\Local\MiKTeX\fonts/pk/ljfour/jknap
pen/ec/dpi600\ecrm1095.pk> <C:\Users\AMIDOU MAIGA\AppData\Local\MiKTeX\fonts/pk
/ljfour/jknappen/ec/dpi600\ecbx1095.pk> <C:\Users\AMIDOU MAIGA\AppData\Local\Mi
KTeX\fonts/pk/ljfour/jknappen/ec/dpi600\ecrm1440.pk> <C:\Users\AMIDOU MAIGA\App
Data\Local\MiKTeX\fonts/pk/ljfour/jknappen/ec/dpi600\ecbx1440.pk> <C:\Users\AMI
DOU MAIGA\AppData\Local\MiKTeX\fonts/pk/ljfour/jknappen/ec/dpi600\ecbx1728.pk><
C:/Program Files/MiKTeX/fonts/type1/public/amsfonts/cm/cmbx12.pfb><C:/Program F
iles/MiKTeX/fonts/type1/public/amsfonts/cm/cmex10.pfb><C:/Program Files/MiKTeX/
fonts/type1/public/amsfonts/cm/cmmi10.pfb><C:/Program Files/MiKTeX/fonts/type1/
public/amsfonts/cm/cmmi12.pfb><C:/Program Files/MiKTeX/fonts/type1/public/amsfo
nts/cm/cmmi6.pfb><C:/Program Files/MiKTeX/fonts/type1/public/amsfonts/cm/cmmi7.
pfb><C:/Program Files/MiKTeX/fonts/type1/public/amsfonts/cm/cmmi8.pfb><C:/Progr
am Files/MiKTeX/fonts/type1/public/amsfonts/cm/cmr10.pfb><C:/Program Files/MiKT
eX/fonts/type1/public/amsfonts/cm/cmr12.pfb><C:/Program Files/MiKTeX/fonts/type
1/public/amsfonts/cm/cmr6.pfb><C:/Program Files/MiKTeX/fonts/type1/public/amsfo
nts/cm/cmr8.pfb><C:/Program Files/MiKTeX/fonts/type1/public/amsfonts/cm/cmsy10.
pfb><C:/Program Files/MiKTeX/fonts/type1/public/amsfonts/cm/cmsy7.pfb><C:/Progr
am Files/MiKTeX/fonts/type1/public/amsfonts/cm/cmsy8.pfb><C:/Program Files/MiKT
eX/fonts/type1/public/amsfonts/symbols/msbm10.pfb>
Output written on main.pdf (59 pages, 2359908 bytes).
PDF statistics:
 1839 PDF objects out of 2073 (max. 8388607)
 203 named destinations out of 1000 (max. 500000)
 509 words of extra memory for PDF output out of 10000 (max. 10000000)

